[32m==>[0m [1mDownloading bottle manifests[0m
✔︎ Bottle Manifest ldid (2.1.5_1)
[34m==>[0m [1mWould install 1 formula:[0m
ldid
[34m==>[0m [1mWould install 1 dependency for ldid:[0m
libplist
[32m==>[0m [1mFetching downloads for: [32mldid[39m[0m
✔︎ Bottle ldid (2.1.5_1)
✔︎ Bottle libplist (2.7.0)
✔︎ Bottle Manifest libplist (2.7.0)
[32m==>[0m [1mInstalling ldid dependency: [32mlibplist[39m[0m
[34m==>[0m [1mPouring libplist--2.7.0.arm64_sonoma.bottle.tar.gz[0m
🍺  /opt/homebrew/Cellar/libplist/2.7.0: 32 files, 606.6KB
[32m==>[0m [1mInstalling [32mldid[39m[0m
[34m==>[0m [1mPouring ldid--2.1.5_1.arm64_sonoma.bottle.1.tar.gz[0m
🍺  /opt/homebrew/Cellar/ldid/2.1.5_1: 6 files, 270.1KB
Cloning into '/Users/runner/roothide-theos'...
Submodule 'vendor/dm.pl' (https://github.com/theos/dm.pl.git) registered for path 'vendor/dm.pl'
Submodule 'vendor/include' (https://github.com/roothide/headers.git) registered for path 'vendor/include'
Submodule 'vendor/lib' (https://github.com/roothide/lib.git) registered for path 'vendor/lib'
Submodule 'vendor/logos' (https://github.com/theos/logos.git) registered for path 'vendor/logos'
Submodule 'vendor/nic' (https://github.com/theos/nic.git) registered for path 'vendor/nic'
Submodule 'vendor/orion' (https://github.com/theos/orion.git) registered for path 'vendor/orion'
Submodule 'vendor/swift-support' (https://github.com/theos/swift-support.git) registered for path 'vendor/swift-support'
Submodule 'vendor/templates' (https://github.com/theos/templates.git) registered for path 'vendor/templates'
Cloning into '/Users/runner/roothide-theos/vendor/dm.pl'...
Cloning into '/Users/runner/roothide-theos/vendor/include'...
Cloning into '/Users/runner/roothide-theos/vendor/lib'...
Cloning into '/Users/runner/roothide-theos/vendor/logos'...
Cloning into '/Users/runner/roothide-theos/vendor/nic'...
Cloning into '/Users/runner/roothide-theos/vendor/orion'...
Cloning into '/Users/runner/roothide-theos/vendor/swift-support'...
Cloning into '/Users/runner/roothide-theos/vendor/templates'...
Submodule path 'vendor/dm.pl': checked out 'd9a3b72e274226dd2823c0a7c1d6d05099f4f51c'
Submodule path 'vendor/include': checked out 'ac1c4fd21214548d6d308fcb835d30df1e43953d'
Submodule path 'vendor/lib': checked out '85e9b5b8aff11bbefc59525c64c8f55149926e56'
Submodule path 'vendor/logos': checked out 'a62370066a97e36d59b200a9fa10c5091f5e8972'
Submodule path 'vendor/nic': checked out '4e7adcbeac2e4636b91e2f76341adfe4c4d0ceec'
Submodule path 'vendor/orion': checked out 'c0ed879ecaae16f3c8d06a6c36302f6c78d1f7e4'
Submodule 'fishhook' (https://github.com/facebook/fishhook.git) registered for path 'vendor/orion/fishhook'
Cloning into '/Users/runner/roothide-theos/vendor/orion/fishhook'...
Submodule path 'vendor/orion/fishhook': checked out 'aadc161ac3b80db07a9908851839a17ba63a9eb1'
Submodule path 'vendor/swift-support': checked out '4cf59ff04cdb2ceb27ea2228753e0497297b6182'
Submodule path 'vendor/templates': checked out '6c3944e281c4726f1383755d0fbb642840312d28'
ERROR: api.github.com request failed?!
